> Task :app:preBuild UP-TO-DATE
> Task :app:preDebugBuild UP-TO-DATE
> Task :app:mergeDebugNativeDebugMetadata NO-SOURCE
> Task :app:dataBindingMergeDependencyArtifactsDebug UP-TO-DATE
> Task :app:generateDebugResValues UP-TO-DATE
> Task :app:generateDebugResources UP-TO-DATE
> Task :app:packageDebugResources UP-TO-DATE
> Task :app:parseDebugLocalResources UP-TO-DATE
> Task :app:javaPreCompileDebug UP-TO-DATE
> Task :app:checkDebugAarMetadata UP-TO-DATE
> Task :app:mapDebugSourceSetPaths UP-TO-DATE
> Task :app:createDebugCompatibleScreenManifests UP-TO-DATE
> Task :app:extractDeepLinksDebug UP-TO-DATE
> Task :app:processDebugMainManifest UP-TO-DATE
> Task :app:processDebugManifest UP-TO-DATE
> Task :app:processDebugManifestForPackage UP-TO-DATE
> Task :app:mergeDebugShaders
> Task :app:compileDebugShaders NO-SOURCE
> Task :app:generateDebugAssets UP-TO-DATE
> Task :app:mergeDebugAssets
> Task :app:compressDebugAssets
> Task :app:processDebugJavaRes NO-SOURCE
> Task :app:desugarDebugFileDependencies
> Task :app:mergeDebugJniLibFolders
> Task :app:mergeDebugNativeLibs NO-SOURCE
> Task :app:stripDebugDebugSymbols NO-SOURCE
> Task :app:validateSigningDebug
> Task :app:writeDebugAppMetadata
> Task :app:writeDebugSigningConfigVersions
> Task :app:checkDebugDuplicateClasses
> Task :app:mergeLibDexDebug
> Task :app:mergeDebugResources FAILED
> Task :app:mergeDebugJavaResource
> Task :app:mergeExtDexDebug
25 actionable tasks: 13 executed, 12 up-to-date
.\gradlew.bat : 
At line:1 char:1
+ .\gradlew.bat assembleDebug > 
build_output.txt 2>&1
+ ~~~~~~~~~~~~~~~~~~~~~~~~~~~~~~~~~~~~~~~~~~~~~
~~~~~~
    + CategoryInfo          : NotSpecified: 
(:Str    ing) [], RemoteException
    + FullyQualifiedErrorId : 
NativeCommandError
 
FAILURE: Build failed with an exception.

* What went wrong:
Execution failed for task 
':app:mergeDebugResources'.
> A failure occurred while executing com.androi
d.build.gradle.internal.res.ResourceCompilerRun
nable
   > Resource compilation failed (Failed to 
compile resource file: C:\Users\rohit\.gemini\a
ntigravity\scratch\cricket_app\app\build\interm
ediates\incremental\debug\mergeDebugResources\s
tripped.dir\layout\activity_main.xml: . Cause: 
javax.xml.stream.XMLStreamException: 
ParseError at [row,col]:[73,48]
     Message: http://www.w3.org/TR/1999/REC-xml
-names-19990114#AttributePrefixUnbound?TextView
&tools:text&tools). Check logs for more 
details.

* Try:
> Run with --stacktrace option to get the 
stack trace.
> Run with --info or --debug option to get 
more log output.
> Run with --scan to get full insights.
> Get more help at https://help.gradle.org.

BUILD FAILED in 4s
